Archive member included because of file (symbol)

../SoccerGame_bsp/\libhal_bsp.a(alt_load.o)
                              ../SoccerGame_bsp//obj/HAL/src/crt0.o (alt_load)
../SoccerGame_bsp/\libhal_bsp.a(alt_main.o)
                              ../SoccerGame_bsp//obj/HAL/src/crt0.o (alt_main)
../SoccerGame_bsp/\libhal_bsp.a(alt_usleep.o)
                              obj/default/Soccer.o (usleep)
../SoccerGame_bsp/\libhal_bsp.a(alt_sys_init.o)
                              ../SoccerGame_bsp/\libhal_bsp.a(alt_main.o) (alt_irq_init)
../SoccerGame_bsp/\libhal_bsp.a(altera_avalon_jtag_uart_fd.o)
                              ../SoccerGame_bsp/\libhal_bsp.a(alt_sys_init.o) (altera_avalon_jtag_uart_read_fd)
../SoccerGame_bsp/\libhal_bsp.a(altera_avalon_jtag_uart_read.o)
                              ../SoccerGame_bsp/\libhal_bsp.a(altera_avalon_jtag_uart_fd.o) (altera_avalon_jtag_uart_read)
../SoccerGame_bsp/\libhal_bsp.a(altera_avalon_jtag_uart_write.o)
                              ../SoccerGame_bsp/\libhal_bsp.a(altera_avalon_jtag_uart_fd.o) (altera_avalon_jtag_uart_write)
../SoccerGame_bsp/\libhal_bsp.a(altera_up_avalon_video_pixel_buffer_dma.o)
                              obj/default/Soccer.o (alt_up_pixel_buffer_dma_open_dev)
../SoccerGame_bsp/\libhal_bsp.a(alt_busy_sleep.o)
                              ../SoccerGame_bsp/\libhal_bsp.a(alt_usleep.o) (alt_busy_sleep)
../SoccerGame_bsp/\libhal_bsp.a(alt_close.o)
                              ../SoccerGame_bsp/\libhal_bsp.a(alt_main.o) (close)
../SoccerGame_bsp/\libhal_bsp.a(alt_dcache_flush_all.o)
                              ../SoccerGame_bsp/\libhal_bsp.a(alt_load.o) (alt_dcache_flush_all)
../SoccerGame_bsp/\libhal_bsp.a(alt_dev.o)
                              ../SoccerGame_bsp/\libhal_bsp.a(alt_sys_init.o) (alt_dev_list)
../SoccerGame_bsp/\libhal_bsp.a(alt_dev_llist_insert.o)
                              ../SoccerGame_bsp/\libhal_bsp.a(alt_sys_init.o) (alt_dev_llist_insert)
../SoccerGame_bsp/\libhal_bsp.a(alt_errno.o)
                              ../SoccerGame_bsp/\libhal_bsp.a(alt_close.o) (alt_errno)
../SoccerGame_bsp/\libhal_bsp.a(alt_find_dev.o)
                              ../SoccerGame_bsp/\libhal_bsp.a(altera_up_avalon_video_pixel_buffer_dma.o) (alt_find_dev)
../SoccerGame_bsp/\libhal_bsp.a(alt_icache_flush_all.o)
                              ../SoccerGame_bsp/\libhal_bsp.a(alt_load.o) (alt_icache_flush_all)
../SoccerGame_bsp/\libhal_bsp.a(alt_release_fd.o)
                              ../SoccerGame_bsp/\libhal_bsp.a(alt_close.o) (alt_release_fd)
../SoccerGame_bsp/\libhal_bsp.a(altera_nios2_qsys_irq.o)
                              ../SoccerGame_bsp/\libhal_bsp.a(alt_sys_init.o) (altera_nios2_qsys_irq_init)
../SoccerGame_bsp/\libhal_bsp.a(alt_icache_flush.o)
                              ../SoccerGame_bsp/\libhal_bsp.a(alt_icache_flush_all.o) (alt_icache_flush)
c:/altera/13.0sp1/nios2eds/bin/gnu/h-i686-mingw32/bin/../lib/gcc/nios2-elf/4.1.2/../../../../nios2-elf/lib\libsmallc.a(lib_a-exit.o)
                              ../SoccerGame_bsp/\libhal_bsp.a(alt_main.o) (exit)
c:/altera/13.0sp1/nios2eds/bin/gnu/h-i686-mingw32/bin/../lib/gcc/nios2-elf/4.1.2/../../../../nios2-elf/lib\libsmallc.a(lib_a-int_errno.o)
                              ../SoccerGame_bsp/\libhal_bsp.a(alt_close.o) (errno)
c:/altera/13.0sp1/nios2eds/bin/gnu/h-i686-mingw32/bin/../lib/gcc/nios2-elf/4.1.2/../../../../nios2-elf/lib\libsmallc.a(lib_a-memcmp.o)
                              ../SoccerGame_bsp/\libhal_bsp.a(alt_find_dev.o) (memcmp)
c:/altera/13.0sp1/nios2eds/bin/gnu/h-i686-mingw32/bin/../lib/gcc/nios2-elf/4.1.2/../../../../nios2-elf/lib\libsmallc.a(lib_a-strlen.o)
                              ../SoccerGame_bsp/\libhal_bsp.a(alt_find_dev.o) (strlen)
c:/altera/13.0sp1/nios2eds/bin/gnu/h-i686-mingw32/bin/../lib/gcc/nios2-elf/4.1.2/../../../../nios2-elf/lib\libsmallc.a(lib_a-__call_atexit.o)
                              c:/altera/13.0sp1/nios2eds/bin/gnu/h-i686-mingw32/bin/../lib/gcc/nios2-elf/4.1.2/../../../../nios2-elf/lib\libsmallc.a(lib_a-exit.o) (__call_exitprocs)
c:/altera/13.0sp1/nios2eds/bin/gnu/h-i686-mingw32/bin/../lib/gcc/nios2-elf/4.1.2/../../../../nios2-elf/lib\libsmallc.a(lib_a-impure.o)
                              c:/altera/13.0sp1/nios2eds/bin/gnu/h-i686-mingw32/bin/../lib/gcc/nios2-elf/4.1.2/../../../../nios2-elf/lib\libsmallc.a(lib_a-__call_atexit.o) (_global_impure_ptr)
c:/altera/13.0sp1/nios2eds/bin/gnu/h-i686-mingw32/bin/../lib/gcc/nios2-elf/4.1.2\libgcc.a(lib2-divmod.o)
                              ../SoccerGame_bsp/\libhal_bsp.a(alt_busy_sleep.o) (__udivsi3)
../SoccerGame_bsp/\libhal_bsp.a(alt_exit.o)
                              c:/altera/13.0sp1/nios2eds/bin/gnu/h-i686-mingw32/bin/../lib/gcc/nios2-elf/4.1.2/../../../../nios2-elf/lib\libsmallc.a(lib_a-exit.o) (_exit)

Allocating common symbols
Common symbol       size              file

errno               0x4               c:/altera/13.0sp1/nios2eds/bin/gnu/h-i686-mingw32/bin/../lib/gcc/nios2-elf/4.1.2/../../../../nios2-elf/lib\libsmallc.a(lib_a-int_errno.o)

Memory Configuration

Name             Origin             Length             Attributes
reset            0x00088000         0x00000020
Onchip_Memory    0x00088020         0x00003e60
*default*        0x00000000         0xffffffff

Linker script and memory map

LOAD ../SoccerGame_bsp//obj/HAL/src/crt0.o
LOAD obj/default/Soccer.o
LOAD c:/altera/13.0sp1/nios2eds/bin/gnu/h-i686-mingw32/bin/../lib/gcc/nios2-elf/4.1.2/../../../../nios2-elf/lib\libstdc++.a
LOAD c:/altera/13.0sp1/nios2eds/bin/gnu/h-i686-mingw32/bin/../lib/gcc/nios2-elf/4.1.2/../../../../nios2-elf/lib\libm.a
LOAD c:/altera/13.0sp1/nios2eds/bin/gnu/h-i686-mingw32/bin/../lib/gcc/nios2-elf/4.1.2\libgcc.a
START GROUP
LOAD c:/altera/13.0sp1/nios2eds/bin/gnu/h-i686-mingw32/bin/../lib/gcc/nios2-elf/4.1.2/../../../../nios2-elf/lib\libsmallc.a
LOAD c:/altera/13.0sp1/nios2eds/bin/gnu/h-i686-mingw32/bin/../lib/gcc/nios2-elf/4.1.2\libgcc.a
LOAD ../SoccerGame_bsp/\libhal_bsp.a
END GROUP
LOAD c:/altera/13.0sp1/nios2eds/bin/gnu/h-i686-mingw32/bin/../lib/gcc/nios2-elf/4.1.2\libgcc.a
                0x00088000                __alt_mem_Onchip_Memory = 0x88000

.entry          0x00088000       0x20
 *(.entry)
 .entry         0x00088000       0x20 ../SoccerGame_bsp//obj/HAL/src/crt0.o
                0x00088000                __reset

.exceptions     0x00088020        0x0
                0x00088020                PROVIDE (__ram_exceptions_start, ABSOLUTE (.))
                0x00088020                . = ALIGN (0x20)
 *(.irq)
 *(.exceptions.entry.label)
 *(.exceptions.entry.user)
 *(.exceptions.entry)
 *(.exceptions.irqtest.user)
 *(.exceptions.irqtest)
 *(.exceptions.irqhandler.user)
 *(.exceptions.irqhandler)
 *(.exceptions.irqreturn.user)
 *(.exceptions.irqreturn)
 *(.exceptions.notirq.label)
 *(.exceptions.notirq.user)
 *(.exceptions.notirq)
 *(.exceptions.soft.user)
 *(.exceptions.soft)
 *(.exceptions.unknown.user)
 *(.exceptions.unknown)
 *(.exceptions.exit.label)
 *(.exceptions.exit.user)
 *(.exceptions.exit)
 *(.exceptions)
                0x00088020                PROVIDE (__ram_exceptions_end, ABSOLUTE (.))
                0x00088020                PROVIDE (__flash_exceptions_start, LOADADDR (.exceptions))

.text           0x00088020     0x35ec
                0x00088020                PROVIDE (stext, ABSOLUTE (.))
 *(.interp)
 *(.hash)
 *(.dynsym)
 *(.dynstr)
 *(.gnu.version)
 *(.gnu.version_d)
 *(.gnu.version_r)
 *(.rel.init)
 *(.rela.init)
 *(.rel.text .rel.text.* .rel.gnu.linkonce.t.*)
 *(.rela.text .rela.text.* .rela.gnu.linkonce.t.*)
 *(.rel.fini)
 *(.rela.fini)
 *(.rel.rodata .rel.rodata.* .rel.gnu.linkonce.r.*)
 *(.rela.rodata .rela.rodata.* .rela.gnu.linkonce.r.*)
 *(.rel.data .rel.data.* .rel.gnu.linkonce.d.*)
 *(.rela.data .rela.data.* .rela.gnu.linkonce.d.*)
 *(.rel.tdata .rel.tdata.* .rel.gnu.linkonce.td.*)
 *(.rela.tdata .rela.tdata.* .rela.gnu.linkonce.td.*)
 *(.rel.tbss .rel.tbss.* .rel.gnu.linkonce.tb.*)
 *(.rela.tbss .rela.tbss.* .rela.gnu.linkonce.tb.*)
 *(.rel.ctors)
 *(.rela.ctors)
 *(.rel.dtors)
 *(.rela.dtors)
 *(.rel.got)
 *(.rela.got)
 *(.rel.sdata .rel.sdata.* .rel.gnu.linkonce.s.*)
 *(.rela.sdata .rela.sdata.* .rela.gnu.linkonce.s.*)
 *(.rel.sbss .rel.sbss.* .rel.gnu.linkonce.sb.*)
 *(.rela.sbss .rela.sbss.* .rela.gnu.linkonce.sb.*)
 *(.rel.sdata2 .rel.sdata2.* .rel.gnu.linkonce.s2.*)
 *(.rela.sdata2 .rela.sdata2.* .rela.gnu.linkonce.s2.*)
 *(.rel.sbss2 .rel.sbss2.* .rel.gnu.linkonce.sb2.*)
 *(.rela.sbss2 .rela.sbss2.* .rela.gnu.linkonce.sb2.*)
 *(.rel.bss .rel.bss.* .rel.gnu.linkonce.b.*)
 *(.rela.bss .rela.bss.* .rela.gnu.linkonce.b.*)
 *(.rel.plt)
 *(.rela.plt)
 *(.rel.dyn)
 *(.init)
 *(.plt)
 *(.text .stub .text.* .gnu.linkonce.t.*)
 .text          0x00088020       0x3c ../SoccerGame_bsp//obj/HAL/src/crt0.o
                0x00088020                _start
 .text          0x0008805c     0x1038 obj/default/Soccer.o
                0x0008805c                main
                0x0008845c                initialPic
                0x00088568                AnimPlay
 .text          0x00089094       0xec ../SoccerGame_bsp/\libhal_bsp.a(alt_load.o)
                0x00089094                alt_load
 .text          0x00089180       0x40 ../SoccerGame_bsp/\libhal_bsp.a(alt_main.o)
                0x00089180                alt_main
 .text          0x000891c0       0x30 ../SoccerGame_bsp/\libhal_bsp.a(alt_usleep.o)
                0x000891c0                usleep
 .text          0x000891f0      0x294 ../SoccerGame_bsp/\libhal_bsp.a(alt_sys_init.o)
                0x000891f0                alt_irq_init
                0x00089224                alt_sys_init
 .text          0x00089484       0xb0 ../SoccerGame_bsp/\libhal_bsp.a(altera_avalon_jtag_uart_fd.o)
                0x00089484                altera_avalon_jtag_uart_read_fd
                0x000894dc                altera_avalon_jtag_uart_write_fd
 .text          0x00089534      0x104 ../SoccerGame_bsp/\libhal_bsp.a(altera_avalon_jtag_uart_read.o)
                0x00089534                altera_avalon_jtag_uart_read
 .text          0x00089638       0xa4 ../SoccerGame_bsp/\libhal_bsp.a(altera_avalon_jtag_uart_write.o)
                0x00089638                altera_avalon_jtag_uart_write
 .text          0x000896dc     0x156c ../SoccerGame_bsp/\libhal_bsp.a(altera_up_avalon_video_pixel_buffer_dma.o)
                0x000896dc                alt_up_pixel_buffer_dma_open_dev
                0x0008971c                alt_up_pixel_buffer_dma_draw
                0x000898bc                alt_up_pixel_buffer_dma_change_back_buffer_address
                0x00089914                alt_up_pixel_buffer_dma_swap_buffers
                0x0008996c                alt_up_pixel_buffer_dma_check_swap_buffers_status
                0x000899a0                alt_up_pixel_buffer_dma_clear_screen
                0x00089b04                alt_up_pixel_buffer_dma_draw_box
                0x00089ff8                alt_up_pixel_buffer_dma_draw_hline
                0x0008a348                alt_up_pixel_buffer_dma_draw_vline
                0x0008a718                alt_up_pixel_buffer_dma_draw_rectangle
                0x0008a7dc                helper_plot_pixel
                0x0008a8ac                alt_up_pixel_buffer_dma_draw_line
 .text          0x0008ac48      0x14c ../SoccerGame_bsp/\libhal_bsp.a(alt_busy_sleep.o)
                0x0008ac48                alt_busy_sleep
 .text          0x0008ad94      0x15c ../SoccerGame_bsp/\libhal_bsp.a(alt_close.o)
                0x0008ad94                close
 .text          0x0008aef0       0x1c ../SoccerGame_bsp/\libhal_bsp.a(alt_dcache_flush_all.o)
                0x0008aef0                alt_dcache_flush_all
 .text          0x0008af0c       0x2c ../SoccerGame_bsp/\libhal_bsp.a(alt_dev.o)
 .text          0x0008af38      0x114 ../SoccerGame_bsp/\libhal_bsp.a(alt_dev_llist_insert.o)
                0x0008af38                alt_dev_llist_insert
 .text          0x0008b04c        0x0 ../SoccerGame_bsp/\libhal_bsp.a(alt_errno.o)
 .text          0x0008b04c       0x94 ../SoccerGame_bsp/\libhal_bsp.a(alt_find_dev.o)
                0x0008b04c                alt_find_dev
 .text          0x0008b0e0       0x30 ../SoccerGame_bsp/\libhal_bsp.a(alt_icache_flush_all.o)
                0x0008b0e0                alt_icache_flush_all
 .text          0x0008b110       0x60 ../SoccerGame_bsp/\libhal_bsp.a(alt_release_fd.o)
                0x0008b110                alt_release_fd
 .text          0x0008b170       0x20 ../SoccerGame_bsp/\libhal_bsp.a(altera_nios2_qsys_irq.o)
                0x0008b170                altera_nios2_qsys_irq_init
 .text          0x0008b190       0x90 ../SoccerGame_bsp/\libhal_bsp.a(alt_icache_flush.o)
                0x0008b190                alt_icache_flush
 .text          0x0008b220       0x20 c:/altera/13.0sp1/nios2eds/bin/gnu/h-i686-mingw32/bin/../lib/gcc/nios2-elf/4.1.2/../../../../nios2-elf/lib\libsmallc.a(lib_a-exit.o)
                0x0008b220                exit
 .text          0x0008b240        0x0 c:/altera/13.0sp1/nios2eds/bin/gnu/h-i686-mingw32/bin/../lib/gcc/nios2-elf/4.1.2/../../../../nios2-elf/lib\libsmallc.a(lib_a-int_errno.o)
 .text          0x0008b240       0x3c c:/altera/13.0sp1/nios2eds/bin/gnu/h-i686-mingw32/bin/../lib/gcc/nios2-elf/4.1.2/../../../../nios2-elf/lib\libsmallc.a(lib_a-memcmp.o)
                0x0008b240                memcmp
 .text          0x0008b27c       0x20 c:/altera/13.0sp1/nios2eds/bin/gnu/h-i686-mingw32/bin/../lib/gcc/nios2-elf/4.1.2/../../../../nios2-elf/lib\libsmallc.a(lib_a-strlen.o)
                0x0008b27c                strlen
 .text          0x0008b29c      0x1c0 c:/altera/13.0sp1/nios2eds/bin/gnu/h-i686-mingw32/bin/../lib/gcc/nios2-elf/4.1.2/../../../../nios2-elf/lib\libsmallc.a(lib_a-__call_atexit.o)
                0x0008b2a0                __call_exitprocs
 .text          0x0008b45c        0x0 c:/altera/13.0sp1/nios2eds/bin/gnu/h-i686-mingw32/bin/../lib/gcc/nios2-elf/4.1.2/../../../../nios2-elf/lib\libsmallc.a(lib_a-impure.o)
 .text          0x0008b45c      0x14c c:/altera/13.0sp1/nios2eds/bin/gnu/h-i686-mingw32/bin/../lib/gcc/nios2-elf/4.1.2\libgcc.a(lib2-divmod.o)
                0x0008b4d8                __divsi3
                0x0008b538                __modsi3
                0x0008b598                __udivsi3
                0x0008b5a0                __umodsi3
 .text          0x0008b5a8       0x60 ../SoccerGame_bsp/\libhal_bsp.a(alt_exit.o)
                0x0008b5e8                _exit
 *(.gnu.warning.*)
 *(.fini)
                0x0008b608                PROVIDE (__etext, ABSOLUTE (.))
                0x0008b608                PROVIDE (_etext, ABSOLUTE (.))
                0x0008b608                PROVIDE (etext, ABSOLUTE (.))
 *(.eh_frame_hdr)
                0x0008b608                . = ALIGN (0x4)
                0x0008b608                PROVIDE (__preinit_array_start, ABSOLUTE (.))
 *(.preinit_array)
                0x0008b608                PROVIDE (__preinit_array_end, ABSOLUTE (.))
                0x0008b608                PROVIDE (__init_array_start, ABSOLUTE (.))
 *(.init_array)
                0x0008b608                PROVIDE (__init_array_end, ABSOLUTE (.))
                0x0008b608                PROVIDE (__fini_array_start, ABSOLUTE (.))
 *(.fini_array)
                0x0008b608                PROVIDE (__fini_array_end, ABSOLUTE (.))
 *(.eh_frame)
 *(.gcc_except_table)
 *(.dynamic)
                0x0008b608                PROVIDE (__CTOR_LIST__, ABSOLUTE (.))
 *(.ctors)
 *(SORT(.ctors.*))
 .ctors.65535   0x0008b608        0x4 c:/altera/13.0sp1/nios2eds/bin/gnu/h-i686-mingw32/bin/../lib/gcc/nios2-elf/4.1.2/../../../../nios2-elf/lib\libsmallc.a(lib_a-__call_atexit.o)
                0x0008b60c                PROVIDE (__CTOR_END__, ABSOLUTE (.))
                0x0008b60c                PROVIDE (__DTOR_LIST__, ABSOLUTE (.))
 *(.dtors)
 *(SORT(.dtors.*))
                0x0008b60c                PROVIDE (__DTOR_END__, ABSOLUTE (.))
 *(.jcr)
                0x0008b60c                . = ALIGN (0x4)

.rodata         0x0008b60c       0x50
                0x0008b60c                PROVIDE (__ram_rodata_start, ABSOLUTE (.))
                0x0008b60c                . = ALIGN (0x4)
 *(.rodata .rodata.* .gnu.linkonce.r.*)
 .rodata        0x0008b60c       0x18 obj/default/Soccer.o
 .rodata        0x0008b624       0x2c ../SoccerGame_bsp/\libhal_bsp.a(alt_sys_init.o)
 .rodata        0x0008b650        0xc ../SoccerGame_bsp/\libhal_bsp.a(alt_dev.o)
 *(.rodata1)
                0x0008b65c                . = ALIGN (0x4)
                0x0008b65c                PROVIDE (__ram_rodata_end, ABSOLUTE (.))
                0x0008b60c                PROVIDE (__flash_rodata_start, LOADADDR (.rodata))

.rwdata         0x0008b65c      0x328 load address 0x0008b984
                0x0008b65c                PROVIDE (__ram_rwdata_start, ABSOLUTE (.))
                0x0008b65c                . = ALIGN (0x4)
 *(.got.plt)
 *(.got)
 *(.data1)
 *(.data .data.* .gnu.linkonce.d.*)
 .data          0x0008b65c        0x0 ../SoccerGame_bsp//obj/HAL/src/crt0.o
 .data          0x0008b65c        0x0 obj/default/Soccer.o
 .data          0x0008b65c        0x0 ../SoccerGame_bsp/\libhal_bsp.a(alt_load.o)
 .data          0x0008b65c        0x0 ../SoccerGame_bsp/\libhal_bsp.a(alt_main.o)
 .data          0x0008b65c        0x0 ../SoccerGame_bsp/\libhal_bsp.a(alt_usleep.o)
 .data          0x0008b65c       0x80 ../SoccerGame_bsp/\libhal_bsp.a(alt_sys_init.o)
 .data          0x0008b6dc        0x0 ../SoccerGame_bsp/\libhal_bsp.a(altera_avalon_jtag_uart_fd.o)
 .data          0x0008b6dc        0x0 ../SoccerGame_bsp/\libhal_bsp.a(altera_avalon_jtag_uart_read.o)
 .data          0x0008b6dc        0x0 ../SoccerGame_bsp/\libhal_bsp.a(altera_avalon_jtag_uart_write.o)
 .data          0x0008b6dc        0x0 ../SoccerGame_bsp/\libhal_bsp.a(altera_up_avalon_video_pixel_buffer_dma.o)
 .data          0x0008b6dc        0x0 ../SoccerGame_bsp/\libhal_bsp.a(alt_busy_sleep.o)
 .data          0x0008b6dc        0x0 ../SoccerGame_bsp/\libhal_bsp.a(alt_close.o)
 .data          0x0008b6dc        0x0 ../SoccerGame_bsp/\libhal_bsp.a(alt_dcache_flush_all.o)
 .data          0x0008b6dc      0x1a8 ../SoccerGame_bsp/\libhal_bsp.a(alt_dev.o)
                0x0008b6dc                alt_dev_null
                0x0008b704                alt_fd_list
 .data          0x0008b884        0x0 ../SoccerGame_bsp/\libhal_bsp.a(alt_dev_llist_insert.o)
 .data          0x0008b884        0x0 ../SoccerGame_bsp/\libhal_bsp.a(alt_errno.o)
 .data          0x0008b884        0x0 ../SoccerGame_bsp/\libhal_bsp.a(alt_find_dev.o)
 .data          0x0008b884        0x0 ../SoccerGame_bsp/\libhal_bsp.a(alt_icache_flush_all.o)
 .data          0x0008b884        0x0 ../SoccerGame_bsp/\libhal_bsp.a(alt_release_fd.o)
 .data          0x0008b884        0x0 ../SoccerGame_bsp/\libhal_bsp.a(altera_nios2_qsys_irq.o)
 .data          0x0008b884        0x0 ../SoccerGame_bsp/\libhal_bsp.a(alt_icache_flush.o)
 .data          0x0008b884        0x0 c:/altera/13.0sp1/nios2eds/bin/gnu/h-i686-mingw32/bin/../lib/gcc/nios2-elf/4.1.2/../../../../nios2-elf/lib\libsmallc.a(lib_a-exit.o)
 .data          0x0008b884        0x0 c:/altera/13.0sp1/nios2eds/bin/gnu/h-i686-mingw32/bin/../lib/gcc/nios2-elf/4.1.2/../../../../nios2-elf/lib\libsmallc.a(lib_a-int_errno.o)
 .data          0x0008b884        0x0 c:/altera/13.0sp1/nios2eds/bin/gnu/h-i686-mingw32/bin/../lib/gcc/nios2-elf/4.1.2/../../../../nios2-elf/lib\libsmallc.a(lib_a-memcmp.o)
 .data          0x0008b884        0x0 c:/altera/13.0sp1/nios2eds/bin/gnu/h-i686-mingw32/bin/../lib/gcc/nios2-elf/4.1.2/../../../../nios2-elf/lib\libsmallc.a(lib_a-strlen.o)
 .data          0x0008b884        0x0 c:/altera/13.0sp1/nios2eds/bin/gnu/h-i686-mingw32/bin/../lib/gcc/nios2-elf/4.1.2/../../../../nios2-elf/lib\libsmallc.a(lib_a-__call_atexit.o)
 .data          0x0008b884       0xe0 c:/altera/13.0sp1/nios2eds/bin/gnu/h-i686-mingw32/bin/../lib/gcc/nios2-elf/4.1.2/../../../../nios2-elf/lib\libsmallc.a(lib_a-impure.o)
 .data          0x0008b964        0x0 c:/altera/13.0sp1/nios2eds/bin/gnu/h-i686-mingw32/bin/../lib/gcc/nios2-elf/4.1.2\libgcc.a(lib2-divmod.o)
 .data          0x0008b964        0x0 ../SoccerGame_bsp/\libhal_bsp.a(alt_exit.o)
                0x00093964                _gp = ABSOLUTE ((. + 0x8000))
                0x00093964                PROVIDE (gp, _gp)
 *(.rwdata .rwdata.*)
 *(.sdata .sdata.* .gnu.linkonce.s.*)
 .sdata         0x0008b964       0x14 ../SoccerGame_bsp/\libhal_bsp.a(alt_dev.o)
                0x0008b964                alt_fs_list
                0x0008b96c                alt_dev_list
                0x0008b974                alt_max_fd
 .sdata         0x0008b978        0x4 ../SoccerGame_bsp/\libhal_bsp.a(alt_errno.o)
                0x0008b978                alt_errno
 .sdata         0x0008b97c        0x8 c:/altera/13.0sp1/nios2eds/bin/gnu/h-i686-mingw32/bin/../lib/gcc/nios2-elf/4.1.2/../../../../nios2-elf/lib\libsmallc.a(lib_a-impure.o)
                0x0008b97c                _impure_ptr
                0x0008b980                _global_impure_ptr
 *(.sdata2 .sdata2.* .gnu.linkonce.s2.*)
                0x0008b984                . = ALIGN (0x4)
                0x0008b984                _edata = ABSOLUTE (.)
                0x0008b984                PROVIDE (edata, ABSOLUTE (.))
                0x0008b984                PROVIDE (__ram_rwdata_end, ABSOLUTE (.))
                0x0008b984                PROVIDE (__flash_rwdata_start, LOADADDR (.rwdata))

.bss            0x0008bcac       0x10
                0x0008bcac                __bss_start = ABSOLUTE (.)
                0x0008bcac                PROVIDE (__sbss_start, ABSOLUTE (.))
                0x0008bcac                PROVIDE (___sbss_start, ABSOLUTE (.))
 *(.dynsbss)
 *(.sbss .sbss.* .gnu.linkonce.sb.*)
 .sbss          0x0008bcac        0xc ../SoccerGame_bsp/\libhal_bsp.a(alt_main.o)
                0x0008bcac                alt_argc
                0x0008bcb0                alt_argv
                0x0008bcb4                alt_envp
 .sbss          0x0008bcb8        0x4 c:/altera/13.0sp1/nios2eds/bin/gnu/h-i686-mingw32/bin/../lib/gcc/nios2-elf/4.1.2/../../../../nios2-elf/lib\libsmallc.a(lib_a-int_errno.o)
                0x0008bcb8                errno
 *(.sbss2 .sbss2.* .gnu.linkonce.sb2.*)
 *(.scommon)
                0x0008bcbc                PROVIDE (__sbss_end, ABSOLUTE (.))
                0x0008bcbc                PROVIDE (___sbss_end, ABSOLUTE (.))
 *(.dynbss)
 *(.bss .bss.* .gnu.linkonce.b.*)
 .bss           0x0008bcbc        0x0 ../SoccerGame_bsp//obj/HAL/src/crt0.o
 .bss           0x0008bcbc        0x0 obj/default/Soccer.o
 .bss           0x0008bcbc        0x0 ../SoccerGame_bsp/\libhal_bsp.a(alt_load.o)
 .bss           0x0008bcbc        0x0 ../SoccerGame_bsp/\libhal_bsp.a(alt_main.o)
 .bss           0x0008bcbc        0x0 ../SoccerGame_bsp/\libhal_bsp.a(alt_usleep.o)
 .bss           0x0008bcbc        0x0 ../SoccerGame_bsp/\libhal_bsp.a(alt_sys_init.o)
 .bss           0x0008bcbc        0x0 ../SoccerGame_bsp/\libhal_bsp.a(altera_avalon_jtag_uart_fd.o)
 .bss           0x0008bcbc        0x0 ../SoccerGame_bsp/\libhal_bsp.a(altera_avalon_jtag_uart_read.o)
 .bss           0x0008bcbc        0x0 ../SoccerGame_bsp/\libhal_bsp.a(altera_avalon_jtag_uart_write.o)
 .bss           0x0008bcbc        0x0 ../SoccerGame_bsp/\libhal_bsp.a(altera_up_avalon_video_pixel_buffer_dma.o)
 .bss           0x0008bcbc        0x0 ../SoccerGame_bsp/\libhal_bsp.a(alt_busy_sleep.o)
 .bss           0x0008bcbc        0x0 ../SoccerGame_bsp/\libhal_bsp.a(alt_close.o)
 .bss           0x0008bcbc        0x0 ../SoccerGame_bsp/\libhal_bsp.a(alt_dcache_flush_all.o)
 .bss           0x0008bcbc        0x0 ../SoccerGame_bsp/\libhal_bsp.a(alt_dev.o)
 .bss           0x0008bcbc        0x0 ../SoccerGame_bsp/\libhal_bsp.a(alt_dev_llist_insert.o)
 .bss           0x0008bcbc        0x0 ../SoccerGame_bsp/\libhal_bsp.a(alt_errno.o)
 .bss           0x0008bcbc        0x0 ../SoccerGame_bsp/\libhal_bsp.a(alt_find_dev.o)
 .bss           0x0008bcbc        0x0 ../SoccerGame_bsp/\libhal_bsp.a(alt_icache_flush_all.o)
 .bss           0x0008bcbc        0x0 ../SoccerGame_bsp/\libhal_bsp.a(alt_release_fd.o)
 .bss           0x0008bcbc        0x0 ../SoccerGame_bsp/\libhal_bsp.a(altera_nios2_qsys_irq.o)
 .bss           0x0008bcbc        0x0 ../SoccerGame_bsp/\libhal_bsp.a(alt_icache_flush.o)
 .bss           0x0008bcbc        0x0 c:/altera/13.0sp1/nios2eds/bin/gnu/h-i686-mingw32/bin/../lib/gcc/nios2-elf/4.1.2/../../../../nios2-elf/lib\libsmallc.a(lib_a-exit.o)
 .bss           0x0008bcbc        0x0 c:/altera/13.0sp1/nios2eds/bin/gnu/h-i686-mingw32/bin/../lib/gcc/nios2-elf/4.1.2/../../../../nios2-elf/lib\libsmallc.a(lib_a-int_errno.o)
 .bss           0x0008bcbc        0x0 c:/altera/13.0sp1/nios2eds/bin/gnu/h-i686-mingw32/bin/../lib/gcc/nios2-elf/4.1.2/../../../../nios2-elf/lib\libsmallc.a(lib_a-memcmp.o)
 .bss           0x0008bcbc        0x0 c:/altera/13.0sp1/nios2eds/bin/gnu/h-i686-mingw32/bin/../lib/gcc/nios2-elf/4.1.2/../../../../nios2-elf/lib\libsmallc.a(lib_a-strlen.o)
 .bss           0x0008bcbc        0x0 c:/altera/13.0sp1/nios2eds/bin/gnu/h-i686-mingw32/bin/../lib/gcc/nios2-elf/4.1.2/../../../../nios2-elf/lib\libsmallc.a(lib_a-__call_atexit.o)
 .bss           0x0008bcbc        0x0 c:/altera/13.0sp1/nios2eds/bin/gnu/h-i686-mingw32/bin/../lib/gcc/nios2-elf/4.1.2/../../../../nios2-elf/lib\libsmallc.a(lib_a-impure.o)
 .bss           0x0008bcbc        0x0 c:/altera/13.0sp1/nios2eds/bin/gnu/h-i686-mingw32/bin/../lib/gcc/nios2-elf/4.1.2\libgcc.a(lib2-divmod.o)
 .bss           0x0008bcbc        0x0 ../SoccerGame_bsp/\libhal_bsp.a(alt_exit.o)
 *(COMMON)
                0x0008bcbc                . = ALIGN (0x4)
                0x0008bcbc                __bss_end = ABSOLUTE (.)

.Onchip_Memory  0x0008bcbc        0x0
                0x0008bcbc                PROVIDE (_alt_partition_Onchip_Memory_start, ABSOLUTE (.))
 *(.Onchip_Memory. Onchip_Memory.*)
                0x0008bcbc                . = ALIGN (0x4)
                0x0008bcbc                PROVIDE (_alt_partition_Onchip_Memory_end, ABSOLUTE (.))
                0x0008bcbc                _end = ABSOLUTE (.)
                0x0008bcbc                end = ABSOLUTE (.)
                0x0008bcbc                __alt_stack_base = ABSOLUTE (.)
                0x0008bcbc                PROVIDE (_alt_partition_Onchip_Memory_load_addr, LOADADDR (.Onchip_Memory))

.stab
 *(.stab)

.stabstr
 *(.stabstr)

.stab.excl
 *(.stab.excl)

.stab.exclstr
 *(.stab.exclstr)

.stab.index
 *(.stab.index)

.stab.indexstr
 *(.stab.indexstr)

.comment        0x00000000       0x26
 *(.comment)
 .comment       0x00000000       0x26 obj/default/Soccer.o
                                 0x27 (size before relaxing)
 .comment       0x00000000       0x27 ../SoccerGame_bsp/\libhal_bsp.a(alt_load.o)
 .comment       0x00000000       0x27 ../SoccerGame_bsp/\libhal_bsp.a(alt_main.o)
 .comment       0x00000000       0x27 ../SoccerGame_bsp/\libhal_bsp.a(alt_usleep.o)
 .comment       0x00000000       0x27 ../SoccerGame_bsp/\libhal_bsp.a(alt_sys_init.o)
 .comment       0x00000000       0x27 ../SoccerGame_bsp/\libhal_bsp.a(altera_avalon_jtag_uart_fd.o)
 .comment       0x00000000       0x27 ../SoccerGame_bsp/\libhal_bsp.a(altera_avalon_jtag_uart_read.o)
 .comment       0x00000000       0x27 ../SoccerGame_bsp/\libhal_bsp.a(altera_avalon_jtag_uart_write.o)
 .comment       0x00000000       0x27 ../SoccerGame_bsp/\libhal_bsp.a(altera_up_avalon_video_pixel_buffer_dma.o)
 .comment       0x00000000       0x27 ../SoccerGame_bsp/\libhal_bsp.a(alt_busy_sleep.o)
 .comment       0x00000000       0x27 ../SoccerGame_bsp/\libhal_bsp.a(alt_close.o)
 .comment       0x00000000       0x27 ../SoccerGame_bsp/\libhal_bsp.a(alt_dcache_flush_all.o)
 .comment       0x00000000       0x27 ../SoccerGame_bsp/\libhal_bsp.a(alt_dev.o)
 .comment       0x00000000       0x27 ../SoccerGame_bsp/\libhal_bsp.a(alt_dev_llist_insert.o)
 .comment       0x00000000       0x27 ../SoccerGame_bsp/\libhal_bsp.a(alt_errno.o)
 .comment       0x00000000       0x27 ../SoccerGame_bsp/\libhal_bsp.a(alt_find_dev.o)
 .comment       0x00000000       0x27 ../SoccerGame_bsp/\libhal_bsp.a(alt_icache_flush_all.o)
 .comment       0x00000000       0x27 ../SoccerGame_bsp/\libhal_bsp.a(alt_release_fd.o)
 .comment       0x00000000       0x27 ../SoccerGame_bsp/\libhal_bsp.a(altera_nios2_qsys_irq.o)
 .comment       0x00000000       0x27 ../SoccerGame_bsp/\libhal_bsp.a(alt_icache_flush.o)
 .comment       0x00000000       0x27 c:/altera/13.0sp1/nios2eds/bin/gnu/h-i686-mingw32/bin/../lib/gcc/nios2-elf/4.1.2/../../../../nios2-elf/lib\libsmallc.a(lib_a-exit.o)
 .comment       0x00000000       0x27 c:/altera/13.0sp1/nios2eds/bin/gnu/h-i686-mingw32/bin/../lib/gcc/nios2-elf/4.1.2/../../../../nios2-elf/lib\libsmallc.a(lib_a-int_errno.o)
 .comment       0x00000000       0x27 c:/altera/13.0sp1/nios2eds/bin/gnu/h-i686-mingw32/bin/../lib/gcc/nios2-elf/4.1.2/../../../../nios2-elf/lib\libsmallc.a(lib_a-memcmp.o)
 .comment       0x00000000       0x27 c:/altera/13.0sp1/nios2eds/bin/gnu/h-i686-mingw32/bin/../lib/gcc/nios2-elf/4.1.2/../../../../nios2-elf/lib\libsmallc.a(lib_a-strlen.o)
 .comment       0x00000000       0x27 c:/altera/13.0sp1/nios2eds/bin/gnu/h-i686-mingw32/bin/../lib/gcc/nios2-elf/4.1.2/../../../../nios2-elf/lib\libsmallc.a(lib_a-__call_atexit.o)
 .comment       0x00000000       0x27 c:/altera/13.0sp1/nios2eds/bin/gnu/h-i686-mingw32/bin/../lib/gcc/nios2-elf/4.1.2/../../../../nios2-elf/lib\libsmallc.a(lib_a-impure.o)
 .comment       0x00000000       0x27 c:/altera/13.0sp1/nios2eds/bin/gnu/h-i686-mingw32/bin/../lib/gcc/nios2-elf/4.1.2\libgcc.a(lib2-divmod.o)
 .comment       0x00000000       0x27 ../SoccerGame_bsp/\libhal_bsp.a(alt_exit.o)

.debug
 *(.debug)

.line
 *(.line)

.debug_srcinfo
 *(.debug_srcinfo)

.debug_sfnames
 *(.debug_sfnames)

.debug_aranges  0x00000000      0x348
 *(.debug_aranges)
 .debug_aranges
                0x00000000       0x28 ../SoccerGame_bsp//obj/HAL/src/crt0.o
 .debug_aranges
                0x00000028       0x20 obj/default/Soccer.o
 .debug_aranges
                0x00000048       0x20 ../SoccerGame_bsp/\libhal_bsp.a(alt_load.o)
 .debug_aranges
                0x00000068       0x20 ../SoccerGame_bsp/\libhal_bsp.a(alt_main.o)
 .debug_aranges
                0x00000088       0x20 ../SoccerGame_bsp/\libhal_bsp.a(alt_usleep.o)
 .debug_aranges
                0x000000a8       0x20 ../SoccerGame_bsp/\libhal_bsp.a(alt_sys_init.o)
 .debug_aranges
                0x000000c8       0x20 ../SoccerGame_bsp/\libhal_bsp.a(altera_avalon_jtag_uart_fd.o)
 .debug_aranges
                0x000000e8       0x20 ../SoccerGame_bsp/\libhal_bsp.a(altera_avalon_jtag_uart_read.o)
 .debug_aranges
                0x00000108       0x20 ../SoccerGame_bsp/\libhal_bsp.a(altera_avalon_jtag_uart_write.o)
 .debug_aranges
                0x00000128       0x20 ../SoccerGame_bsp/\libhal_bsp.a(altera_up_avalon_video_pixel_buffer_dma.o)
 .debug_aranges
                0x00000148       0x20 ../SoccerGame_bsp/\libhal_bsp.a(alt_busy_sleep.o)
 .debug_aranges
                0x00000168       0x20 ../SoccerGame_bsp/\libhal_bsp.a(alt_close.o)
 .debug_aranges
                0x00000188       0x20 ../SoccerGame_bsp/\libhal_bsp.a(alt_dcache_flush_all.o)
 .debug_aranges
                0x000001a8       0x20 ../SoccerGame_bsp/\libhal_bsp.a(alt_dev.o)
 .debug_aranges
                0x000001c8       0x20 ../SoccerGame_bsp/\libhal_bsp.a(alt_dev_llist_insert.o)
 .debug_aranges
                0x000001e8       0x20 ../SoccerGame_bsp/\libhal_bsp.a(alt_find_dev.o)
 .debug_aranges
                0x00000208       0x20 ../SoccerGame_bsp/\libhal_bsp.a(alt_icache_flush_all.o)
 .debug_aranges
                0x00000228       0x20 ../SoccerGame_bsp/\libhal_bsp.a(alt_release_fd.o)
 .debug_aranges
                0x00000248       0x20 ../SoccerGame_bsp/\libhal_bsp.a(altera_nios2_qsys_irq.o)
 .debug_aranges
                0x00000268       0x20 ../SoccerGame_bsp/\libhal_bsp.a(alt_icache_flush.o)
 .debug_aranges
                0x00000288       0x20 c:/altera/13.0sp1/nios2eds/bin/gnu/h-i686-mingw32/bin/../lib/gcc/nios2-elf/4.1.2/../../../../nios2-elf/lib\libsmallc.a(lib_a-exit.o)
 .debug_aranges
                0x000002a8       0x20 c:/altera/13.0sp1/nios2eds/bin/gnu/h-i686-mingw32/bin/../lib/gcc/nios2-elf/4.1.2/../../../../nios2-elf/lib\libsmallc.a(lib_a-memcmp.o)
 .debug_aranges
                0x000002c8       0x20 c:/altera/13.0sp1/nios2eds/bin/gnu/h-i686-mingw32/bin/../lib/gcc/nios2-elf/4.1.2/../../../../nios2-elf/lib\libsmallc.a(lib_a-strlen.o)
 .debug_aranges
                0x000002e8       0x20 c:/altera/13.0sp1/nios2eds/bin/gnu/h-i686-mingw32/bin/../lib/gcc/nios2-elf/4.1.2/../../../../nios2-elf/lib\libsmallc.a(lib_a-__call_atexit.o)
 .debug_aranges
                0x00000308       0x20 c:/altera/13.0sp1/nios2eds/bin/gnu/h-i686-mingw32/bin/../lib/gcc/nios2-elf/4.1.2\libgcc.a(lib2-divmod.o)
 .debug_aranges
                0x00000328       0x20 ../SoccerGame_bsp/\libhal_bsp.a(alt_exit.o)

.debug_pubnames
                0x00000000      0x6ba
 *(.debug_pubnames)
 .debug_pubnames
                0x00000000       0x37 obj/default/Soccer.o
 .debug_pubnames
                0x00000037       0x1f ../SoccerGame_bsp/\libhal_bsp.a(alt_load.o)
 .debug_pubnames
                0x00000056       0x46 ../SoccerGame_bsp/\libhal_bsp.a(alt_main.o)
 .debug_pubnames
                0x0000009c       0x1d ../SoccerGame_bsp/\libhal_bsp.a(alt_usleep.o)
 .debug_pubnames
                0x000000b9       0x34 ../SoccerGame_bsp/\libhal_bsp.a(alt_sys_init.o)
 .debug_pubnames
                0x000000ed       0x5b ../SoccerGame_bsp/\libhal_bsp.a(altera_avalon_jtag_uart_fd.o)
 .debug_pubnames
                0x00000148       0x33 ../SoccerGame_bsp/\libhal_bsp.a(altera_avalon_jtag_uart_read.o)
 .debug_pubnames
                0x0000017b       0x34 ../SoccerGame_bsp/\libhal_bsp.a(altera_avalon_jtag_uart_write.o)
 .debug_pubnames
                0x000001af      0x1f1 ../SoccerGame_bsp/\libhal_bsp.a(altera_up_avalon_video_pixel_buffer_dma.o)
 .debug_pubnames
                0x000003a0       0x25 ../SoccerGame_bsp/\libhal_bsp.a(alt_busy_sleep.o)
 .debug_pubnames
                0x000003c5       0x1c ../SoccerGame_bsp/\libhal_bsp.a(alt_close.o)
 .debug_pubnames
                0x000003e1       0x2b ../SoccerGame_bsp/\libhal_bsp.a(alt_dcache_flush_all.o)
 .debug_pubnames
                0x0000040c       0x63 ../SoccerGame_bsp/\libhal_bsp.a(alt_dev.o)
 .debug_pubnames
                0x0000046f       0x2b ../SoccerGame_bsp/\libhal_bsp.a(alt_dev_llist_insert.o)
 .debug_pubnames
                0x0000049a       0x20 ../SoccerGame_bsp/\libhal_bsp.a(alt_errno.o)
 .debug_pubnames
                0x000004ba       0x23 ../SoccerGame_bsp/\libhal_bsp.a(alt_find_dev.o)
 .debug_pubnames
                0x000004dd       0x2b ../SoccerGame_bsp/\libhal_bsp.a(alt_icache_flush_all.o)
 .debug_pubnames
                0x00000508       0x25 ../SoccerGame_bsp/\libhal_bsp.a(alt_release_fd.o)
 .debug_pubnames
                0x0000052d       0x31 ../SoccerGame_bsp/\libhal_bsp.a(altera_nios2_qsys_irq.o)
 .debug_pubnames
                0x0000055e       0x27 ../SoccerGame_bsp/\libhal_bsp.a(alt_icache_flush.o)
 .debug_pubnames
                0x00000585       0x1b c:/altera/13.0sp1/nios2eds/bin/gnu/h-i686-mingw32/bin/../lib/gcc/nios2-elf/4.1.2/../../../../nios2-elf/lib\libsmallc.a(lib_a-exit.o)
 .debug_pubnames
                0x000005a0       0x1c c:/altera/13.0sp1/nios2eds/bin/gnu/h-i686-mingw32/bin/../lib/gcc/nios2-elf/4.1.2/../../../../nios2-elf/lib\libsmallc.a(lib_a-int_errno.o)
 .debug_pubnames
                0x000005bc       0x1d c:/altera/13.0sp1/nios2eds/bin/gnu/h-i686-mingw32/bin/../lib/gcc/nios2-elf/4.1.2/../../../../nios2-elf/lib\libsmallc.a(lib_a-memcmp.o)
 .debug_pubnames
                0x000005d9       0x1d c:/altera/13.0sp1/nios2eds/bin/gnu/h-i686-mingw32/bin/../lib/gcc/nios2-elf/4.1.2/../../../../nios2-elf/lib\libsmallc.a(lib_a-strlen.o)
 .debug_pubnames
                0x000005f6       0x27 c:/altera/13.0sp1/nios2eds/bin/gnu/h-i686-mingw32/bin/../lib/gcc/nios2-elf/4.1.2/../../../../nios2-elf/lib\libsmallc.a(lib_a-__call_atexit.o)
 .debug_pubnames
                0x0000061d       0x39 c:/altera/13.0sp1/nios2eds/bin/gnu/h-i686-mingw32/bin/../lib/gcc/nios2-elf/4.1.2/../../../../nios2-elf/lib\libsmallc.a(lib_a-impure.o)
 .debug_pubnames
                0x00000656       0x48 c:/altera/13.0sp1/nios2eds/bin/gnu/h-i686-mingw32/bin/../lib/gcc/nios2-elf/4.1.2\libgcc.a(lib2-divmod.o)
 .debug_pubnames
                0x0000069e       0x1c ../SoccerGame_bsp/\libhal_bsp.a(alt_exit.o)

.debug_info     0x00000000     0x5e31
 *(.debug_info .gnu.linkonce.wi.*)
 .debug_info    0x00000000       0x60 ../SoccerGame_bsp//obj/HAL/src/crt0.o
 .debug_info    0x00000060      0x6a3 obj/default/Soccer.o
 .debug_info    0x00000703      0x272 ../SoccerGame_bsp/\libhal_bsp.a(alt_load.o)
 .debug_info    0x00000975      0x20a ../SoccerGame_bsp/\libhal_bsp.a(alt_main.o)
 .debug_info    0x00000b7f      0x14d ../SoccerGame_bsp/\libhal_bsp.a(alt_usleep.o)
 .debug_info    0x00000ccc      0x6ea ../SoccerGame_bsp/\libhal_bsp.a(alt_sys_init.o)
 .debug_info    0x000013b6      0x59e ../SoccerGame_bsp/\libhal_bsp.a(altera_avalon_jtag_uart_fd.o)
 .debug_info    0x00001954      0x2ee ../SoccerGame_bsp/\libhal_bsp.a(altera_avalon_jtag_uart_read.o)
 .debug_info    0x00001c42      0x2cb ../SoccerGame_bsp/\libhal_bsp.a(altera_avalon_jtag_uart_write.o)
 .debug_info    0x00001f0d      0xe63 ../SoccerGame_bsp/\libhal_bsp.a(altera_up_avalon_video_pixel_buffer_dma.o)
 .debug_info    0x00002d70      0x190 ../SoccerGame_bsp/\libhal_bsp.a(alt_busy_sleep.o)
 .debug_info    0x00002f00      0x44c ../SoccerGame_bsp/\libhal_bsp.a(alt_close.o)
 .debug_info    0x0000334c      0x141 ../SoccerGame_bsp/\libhal_bsp.a(alt_dcache_flush_all.o)
 .debug_info    0x0000348d      0x664 ../SoccerGame_bsp/\libhal_bsp.a(alt_dev.o)
 .debug_info    0x00003af1      0x29c ../SoccerGame_bsp/\libhal_bsp.a(alt_dev_llist_insert.o)
 .debug_info    0x00003d8d      0x149 ../SoccerGame_bsp/\libhal_bsp.a(alt_errno.o)
 .debug_info    0x00003ed6      0x3fd ../SoccerGame_bsp/\libhal_bsp.a(alt_find_dev.o)
 .debug_info    0x000042d3      0x141 ../SoccerGame_bsp/\libhal_bsp.a(alt_icache_flush_all.o)
 .debug_info    0x00004414      0x3d7 ../SoccerGame_bsp/\libhal_bsp.a(alt_release_fd.o)
 .debug_info    0x000047eb      0x148 ../SoccerGame_bsp/\libhal_bsp.a(altera_nios2_qsys_irq.o)
 .debug_info    0x00004933      0x189 ../SoccerGame_bsp/\libhal_bsp.a(alt_icache_flush.o)
 .debug_info    0x00004abc       0x9f c:/altera/13.0sp1/nios2eds/bin/gnu/h-i686-mingw32/bin/../lib/gcc/nios2-elf/4.1.2/../../../../nios2-elf/lib\libsmallc.a(lib_a-exit.o)
 .debug_info    0x00004b5b       0x8c c:/altera/13.0sp1/nios2eds/bin/gnu/h-i686-mingw32/bin/../lib/gcc/nios2-elf/4.1.2/../../../../nios2-elf/lib\libsmallc.a(lib_a-int_errno.o)
 .debug_info    0x00004be7       0xef c:/altera/13.0sp1/nios2eds/bin/gnu/h-i686-mingw32/bin/../lib/gcc/nios2-elf/4.1.2/../../../../nios2-elf/lib\libsmallc.a(lib_a-memcmp.o)
 .debug_info    0x00004cd6       0xc2 c:/altera/13.0sp1/nios2eds/bin/gnu/h-i686-mingw32/bin/../lib/gcc/nios2-elf/4.1.2/../../../../nios2-elf/lib\libsmallc.a(lib_a-strlen.o)
 .debug_info    0x00004d98      0x6d5 c:/altera/13.0sp1/nios2eds/bin/gnu/h-i686-mingw32/bin/../lib/gcc/nios2-elf/4.1.2/../../../../nios2-elf/lib\libsmallc.a(lib_a-__call_atexit.o)
 .debug_info    0x0000546d      0x636 c:/altera/13.0sp1/nios2eds/bin/gnu/h-i686-mingw32/bin/../lib/gcc/nios2-elf/4.1.2/../../../../nios2-elf/lib\libsmallc.a(lib_a-impure.o)
 .debug_info    0x00005aa3      0x21c c:/altera/13.0sp1/nios2eds/bin/gnu/h-i686-mingw32/bin/../lib/gcc/nios2-elf/4.1.2\libgcc.a(lib2-divmod.o)
 .debug_info    0x00005cbf      0x172 ../SoccerGame_bsp/\libhal_bsp.a(alt_exit.o)

.debug_abbrev   0x00000000     0x13ee
 *(.debug_abbrev)
 .debug_abbrev  0x00000000       0x12 ../SoccerGame_bsp//obj/HAL/src/crt0.o
 .debug_abbrev  0x00000012      0x125 obj/default/Soccer.o
 .debug_abbrev  0x00000137       0x88 ../SoccerGame_bsp/\libhal_bsp.a(alt_load.o)
 .debug_abbrev  0x000001bf       0xb7 ../SoccerGame_bsp/\libhal_bsp.a(alt_main.o)
 .debug_abbrev  0x00000276       0x5d ../SoccerGame_bsp/\libhal_bsp.a(alt_usleep.o)
 .debug_abbrev  0x000002d3      0x131 ../SoccerGame_bsp/\libhal_bsp.a(alt_sys_init.o)
 .debug_abbrev  0x00000404       0xcb ../SoccerGame_bsp/\libhal_bsp.a(altera_avalon_jtag_uart_fd.o)
 .debug_abbrev  0x000004cf       0xb6 ../SoccerGame_bsp/\libhal_bsp.a(altera_avalon_jtag_uart_read.o)
 .debug_abbrev  0x00000585       0xb4 ../SoccerGame_bsp/\libhal_bsp.a(altera_avalon_jtag_uart_write.o)
 .debug_abbrev  0x00000639      0x196 ../SoccerGame_bsp/\libhal_bsp.a(altera_up_avalon_video_pixel_buffer_dma.o)
 .debug_abbrev  0x000007cf       0x6c ../SoccerGame_bsp/\libhal_bsp.a(alt_busy_sleep.o)
 .debug_abbrev  0x0000083b       0xfb ../SoccerGame_bsp/\libhal_bsp.a(alt_close.o)
 .debug_abbrev  0x00000936       0x3f ../SoccerGame_bsp/\libhal_bsp.a(alt_dcache_flush_all.o)
 .debug_abbrev  0x00000975       0xc7 ../SoccerGame_bsp/\libhal_bsp.a(alt_dev.o)
 .debug_abbrev  0x00000a3c       0xf6 ../SoccerGame_bsp/\libhal_bsp.a(alt_dev_llist_insert.o)
 .debug_abbrev  0x00000b32       0x5e ../SoccerGame_bsp/\libhal_bsp.a(alt_errno.o)
 .debug_abbrev  0x00000b90       0xcf ../SoccerGame_bsp/\libhal_bsp.a(alt_find_dev.o)
 .debug_abbrev  0x00000c5f       0x3f ../SoccerGame_bsp/\libhal_bsp.a(alt_icache_flush_all.o)
 .debug_abbrev  0x00000c9e       0xc1 ../SoccerGame_bsp/\libhal_bsp.a(alt_release_fd.o)
 .debug_abbrev  0x00000d5f       0x3f ../SoccerGame_bsp/\libhal_bsp.a(altera_nios2_qsys_irq.o)
 .debug_abbrev  0x00000d9e       0x7a ../SoccerGame_bsp/\libhal_bsp.a(alt_icache_flush.o)
 .debug_abbrev  0x00000e18       0x4e c:/altera/13.0sp1/nios2eds/bin/gnu/h-i686-mingw32/bin/../lib/gcc/nios2-elf/4.1.2/../../../../nios2-elf/lib\libsmallc.a(lib_a-exit.o)
 .debug_abbrev  0x00000e66       0x3b c:/altera/13.0sp1/nios2eds/bin/gnu/h-i686-mingw32/bin/../lib/gcc/nios2-elf/4.1.2/../../../../nios2-elf/lib\libsmallc.a(lib_a-int_errno.o)
 .debug_abbrev  0x00000ea1       0x7c c:/altera/13.0sp1/nios2eds/bin/gnu/h-i686-mingw32/bin/../lib/gcc/nios2-elf/4.1.2/../../../../nios2-elf/lib\libsmallc.a(lib_a-memcmp.o)
 .debug_abbrev  0x00000f1d       0x7a c:/altera/13.0sp1/nios2eds/bin/gnu/h-i686-mingw32/bin/../lib/gcc/nios2-elf/4.1.2/../../../../nios2-elf/lib\libsmallc.a(lib_a-strlen.o)
 .debug_abbrev  0x00000f97      0x1c6 c:/altera/13.0sp1/nios2eds/bin/gnu/h-i686-mingw32/bin/../lib/gcc/nios2-elf/4.1.2/../../../../nios2-elf/lib\libsmallc.a(lib_a-__call_atexit.o)
 .debug_abbrev  0x0000115d      0x13f c:/altera/13.0sp1/nios2eds/bin/gnu/h-i686-mingw32/bin/../lib/gcc/nios2-elf/4.1.2/../../../../nios2-elf/lib\libsmallc.a(lib_a-impure.o)
 .debug_abbrev  0x0000129c       0xe0 c:/altera/13.0sp1/nios2eds/bin/gnu/h-i686-mingw32/bin/../lib/gcc/nios2-elf/4.1.2\libgcc.a(lib2-divmod.o)
 .debug_abbrev  0x0000137c       0x72 ../SoccerGame_bsp/\libhal_bsp.a(alt_exit.o)

.debug_line     0x00000000     0x4fc8
 *(.debug_line)
 .debug_line    0x00000000       0x6c ../SoccerGame_bsp//obj/HAL/src/crt0.o
 .debug_line    0x0000006c      0x997 obj/default/Soccer.o
 .debug_line    0x00000a03      0x217 ../SoccerGame_bsp/\libhal_bsp.a(alt_load.o)
 .debug_line    0x00000c1a      0x2b2 ../SoccerGame_bsp/\libhal_bsp.a(alt_main.o)
 .debug_line    0x00000ecc      0x202 ../SoccerGame_bsp/\libhal_bsp.a(alt_usleep.o)
 .debug_line    0x000010ce      0x2db ../SoccerGame_bsp/\libhal_bsp.a(alt_sys_init.o)
 .debug_line    0x000013a9      0x1d7 ../SoccerGame_bsp/\libhal_bsp.a(altera_avalon_jtag_uart_fd.o)
 .debug_line    0x00001580      0x343 ../SoccerGame_bsp/\libhal_bsp.a(altera_avalon_jtag_uart_read.o)
 .debug_line    0x000018c3      0x304 ../SoccerGame_bsp/\libhal_bsp.a(altera_avalon_jtag_uart_write.o)
 .debug_line    0x00001bc7      0xb8b ../SoccerGame_bsp/\libhal_bsp.a(altera_up_avalon_video_pixel_buffer_dma.o)
 .debug_line    0x00002752      0x25c ../SoccerGame_bsp/\libhal_bsp.a(alt_busy_sleep.o)
 .debug_line    0x000029ae      0x299 ../SoccerGame_bsp/\libhal_bsp.a(alt_close.o)
 .debug_line    0x00002c47      0x1b5 ../SoccerGame_bsp/\libhal_bsp.a(alt_dcache_flush_all.o)
 .debug_line    0x00002dfc      0x254 ../SoccerGame_bsp/\libhal_bsp.a(alt_dev.o)
 .debug_line    0x00003050      0x25a ../SoccerGame_bsp/\libhal_bsp.a(alt_dev_llist_insert.o)
 .debug_line    0x000032aa      0x1aa ../SoccerGame_bsp/\libhal_bsp.a(alt_errno.o)
 .debug_line    0x00003454      0x26b ../SoccerGame_bsp/\libhal_bsp.a(alt_find_dev.o)
 .debug_line    0x000036bf      0x1bd ../SoccerGame_bsp/\libhal_bsp.a(alt_icache_flush_all.o)
 .debug_line    0x0000387c       0xed ../SoccerGame_bsp/\libhal_bsp.a(alt_release_fd.o)
 .debug_line    0x00003969      0x1ce ../SoccerGame_bsp/\libhal_bsp.a(altera_nios2_qsys_irq.o)
 .debug_line    0x00003b37      0x1f9 ../SoccerGame_bsp/\libhal_bsp.a(alt_icache_flush.o)
 .debug_line    0x00003d30      0x220 c:/altera/13.0sp1/nios2eds/bin/gnu/h-i686-mingw32/bin/../lib/gcc/nios2-elf/4.1.2/../../../../nios2-elf/lib\libsmallc.a(lib_a-exit.o)
 .debug_line    0x00003f50      0x1df c:/altera/13.0sp1/nios2eds/bin/gnu/h-i686-mingw32/bin/../lib/gcc/nios2-elf/4.1.2/../../../../nios2-elf/lib\libsmallc.a(lib_a-int_errno.o)
 .debug_line    0x0000412f      0x26d c:/altera/13.0sp1/nios2eds/bin/gnu/h-i686-mingw32/bin/../lib/gcc/nios2-elf/4.1.2/../../../../nios2-elf/lib\libsmallc.a(lib_a-memcmp.o)
 .debug_line    0x0000439c      0x24d c:/altera/13.0sp1/nios2eds/bin/gnu/h-i686-mingw32/bin/../lib/gcc/nios2-elf/4.1.2/../../../../nios2-elf/lib\libsmallc.a(lib_a-strlen.o)
 .debug_line    0x000045e9      0x35d c:/altera/13.0sp1/nios2eds/bin/gnu/h-i686-mingw32/bin/../lib/gcc/nios2-elf/4.1.2/../../../../nios2-elf/lib\libsmallc.a(lib_a-__call_atexit.o)
 .debug_line    0x00004946      0x22d c:/altera/13.0sp1/nios2eds/bin/gnu/h-i686-mingw32/bin/../lib/gcc/nios2-elf/4.1.2/../../../../nios2-elf/lib\libsmallc.a(lib_a-impure.o)
 .debug_line    0x00004b73      0x24f c:/altera/13.0sp1/nios2eds/bin/gnu/h-i686-mingw32/bin/../lib/gcc/nios2-elf/4.1.2\libgcc.a(lib2-divmod.o)
 .debug_line    0x00004dc2      0x206 ../SoccerGame_bsp/\libhal_bsp.a(alt_exit.o)

.debug_frame    0x00000000      0x6c8
 *(.debug_frame)
 .debug_frame   0x00000000       0x64 obj/default/Soccer.o
 .debug_frame   0x00000064       0x48 ../SoccerGame_bsp/\libhal_bsp.a(alt_load.o)
 .debug_frame   0x000000ac       0x2c ../SoccerGame_bsp/\libhal_bsp.a(alt_main.o)
 .debug_frame   0x000000d8       0x2c ../SoccerGame_bsp/\libhal_bsp.a(alt_usleep.o)
 .debug_frame   0x00000104       0x64 ../SoccerGame_bsp/\libhal_bsp.a(alt_sys_init.o)
 .debug_frame   0x00000168       0x48 ../SoccerGame_bsp/\libhal_bsp.a(altera_avalon_jtag_uart_fd.o)
 .debug_frame   0x000001b0       0x2c ../SoccerGame_bsp/\libhal_bsp.a(altera_avalon_jtag_uart_read.o)
 .debug_frame   0x000001dc       0x2c ../SoccerGame_bsp/\libhal_bsp.a(altera_avalon_jtag_uart_write.o)
 .debug_frame   0x00000208      0x160 ../SoccerGame_bsp/\libhal_bsp.a(altera_up_avalon_video_pixel_buffer_dma.o)
 .debug_frame   0x00000368       0x2c ../SoccerGame_bsp/\libhal_bsp.a(alt_busy_sleep.o)
 .debug_frame   0x00000394       0x48 ../SoccerGame_bsp/\libhal_bsp.a(alt_close.o)
 .debug_frame   0x000003dc       0x2c ../SoccerGame_bsp/\libhal_bsp.a(alt_dcache_flush_all.o)
 .debug_frame   0x00000408       0x2c ../SoccerGame_bsp/\libhal_bsp.a(alt_dev.o)
 .debug_frame   0x00000434       0x48 ../SoccerGame_bsp/\libhal_bsp.a(alt_dev_llist_insert.o)
 .debug_frame   0x0000047c       0x2c ../SoccerGame_bsp/\libhal_bsp.a(alt_find_dev.o)
 .debug_frame   0x000004a8       0x2c ../SoccerGame_bsp/\libhal_bsp.a(alt_icache_flush_all.o)
 .debug_frame   0x000004d4       0x2c ../SoccerGame_bsp/\libhal_bsp.a(alt_release_fd.o)
 .debug_frame   0x00000500       0x2c ../SoccerGame_bsp/\libhal_bsp.a(altera_nios2_qsys_irq.o)
 .debug_frame   0x0000052c       0x2c ../SoccerGame_bsp/\libhal_bsp.a(alt_icache_flush.o)
 .debug_frame   0x00000558       0x2c c:/altera/13.0sp1/nios2eds/bin/gnu/h-i686-mingw32/bin/../lib/gcc/nios2-elf/4.1.2/../../../../nios2-elf/lib\libsmallc.a(lib_a-exit.o)
 .debug_frame   0x00000584       0x20 c:/altera/13.0sp1/nios2eds/bin/gnu/h-i686-mingw32/bin/../lib/gcc/nios2-elf/4.1.2/../../../../nios2-elf/lib\libsmallc.a(lib_a-memcmp.o)
 .debug_frame   0x000005a4       0x20 c:/altera/13.0sp1/nios2eds/bin/gnu/h-i686-mingw32/bin/../lib/gcc/nios2-elf/4.1.2/../../../../nios2-elf/lib\libsmallc.a(lib_a-strlen.o)
 .debug_frame   0x000005c4       0x4c c:/altera/13.0sp1/nios2eds/bin/gnu/h-i686-mingw32/bin/../lib/gcc/nios2-elf/4.1.2/../../../../nios2-elf/lib\libsmallc.a(lib_a-__call_atexit.o)
 .debug_frame   0x00000610       0x70 c:/altera/13.0sp1/nios2eds/bin/gnu/h-i686-mingw32/bin/../lib/gcc/nios2-elf/4.1.2\libgcc.a(lib2-divmod.o)
 .debug_frame   0x00000680       0x48 ../SoccerGame_bsp/\libhal_bsp.a(alt_exit.o)

.debug_str      0x00000000      0x9ca
 *(.debug_str)
 .debug_str     0x00000000       0x38 obj/default/Soccer.o
 .debug_str     0x00000038       0x12 ../SoccerGame_bsp/\libhal_bsp.a(alt_load.o)
 .debug_str     0x0000004a       0x12 ../SoccerGame_bsp/\libhal_bsp.a(alt_main.o)
 .debug_str     0x0000005c       0x12 ../SoccerGame_bsp/\libhal_bsp.a(alt_usleep.o)
 .debug_str     0x0000006e       0x2e ../SoccerGame_bsp/\libhal_bsp.a(alt_sys_init.o)
 .debug_str     0x0000009c       0x12 ../SoccerGame_bsp/\libhal_bsp.a(altera_avalon_jtag_uart_read.o)
 .debug_str     0x000000ae       0x12 ../SoccerGame_bsp/\libhal_bsp.a(altera_avalon_jtag_uart_write.o)
 .debug_str     0x000000c0       0x93 ../SoccerGame_bsp/\libhal_bsp.a(altera_up_avalon_video_pixel_buffer_dma.o)
 .debug_str     0x00000153       0x12 ../SoccerGame_bsp/\libhal_bsp.a(alt_busy_sleep.o)
 .debug_str     0x00000165       0x12 ../SoccerGame_bsp/\libhal_bsp.a(alt_close.o)
 .debug_str     0x00000177       0x12 ../SoccerGame_bsp/\libhal_bsp.a(alt_dcache_flush_all.o)
 .debug_str     0x00000189       0x12 ../SoccerGame_bsp/\libhal_bsp.a(alt_dev.o)
 .debug_str     0x0000019b       0x12 ../SoccerGame_bsp/\libhal_bsp.a(alt_dev_llist_insert.o)
 .debug_str     0x000001ad       0x12 ../SoccerGame_bsp/\libhal_bsp.a(alt_errno.o)
 .debug_str     0x000001bf       0x12 ../SoccerGame_bsp/\libhal_bsp.a(alt_find_dev.o)
 .debug_str     0x000001d1       0x12 ../SoccerGame_bsp/\libhal_bsp.a(alt_icache_flush_all.o)
 .debug_str     0x000001e3       0x12 ../SoccerGame_bsp/\libhal_bsp.a(altera_nios2_qsys_irq.o)
 .debug_str     0x000001f5       0x12 ../SoccerGame_bsp/\libhal_bsp.a(alt_icache_flush.o)
 .debug_str     0x00000207      0x12c c:/altera/13.0sp1/nios2eds/bin/gnu/h-i686-mingw32/bin/../lib/gcc/nios2-elf/4.1.2/../../../../nios2-elf/lib\libsmallc.a(lib_a-exit.o)
                                0x16a (size before relaxing)
 .debug_str     0x00000333       0xce c:/altera/13.0sp1/nios2eds/bin/gnu/h-i686-mingw32/bin/../lib/gcc/nios2-elf/4.1.2/../../../../nios2-elf/lib\libsmallc.a(lib_a-int_errno.o)
                                0x169 (size before relaxing)
 .debug_str     0x00000401       0xdb c:/altera/13.0sp1/nios2eds/bin/gnu/h-i686-mingw32/bin/../lib/gcc/nios2-elf/4.1.2/../../../../nios2-elf/lib\libsmallc.a(lib_a-memcmp.o)
                                0x170 (size before relaxing)
 .debug_str     0x000004dc       0x42 c:/altera/13.0sp1/nios2eds/bin/gnu/h-i686-mingw32/bin/../lib/gcc/nios2-elf/4.1.2/../../../../nios2-elf/lib\libsmallc.a(lib_a-strlen.o)
                                0x176 (size before relaxing)
 .debug_str     0x0000051e      0x33f c:/altera/13.0sp1/nios2eds/bin/gnu/h-i686-mingw32/bin/../lib/gcc/nios2-elf/4.1.2/../../../../nios2-elf/lib\libsmallc.a(lib_a-__call_atexit.o)
                                0x483 (size before relaxing)
 .debug_str     0x0000085d       0x46 c:/altera/13.0sp1/nios2eds/bin/gnu/h-i686-mingw32/bin/../lib/gcc/nios2-elf/4.1.2/../../../../nios2-elf/lib\libsmallc.a(lib_a-impure.o)
                                0x44f (size before relaxing)
 .debug_str     0x000008a3      0x10b c:/altera/13.0sp1/nios2eds/bin/gnu/h-i686-mingw32/bin/../lib/gcc/nios2-elf/4.1.2\libgcc.a(lib2-divmod.o)
                                0x1b4 (size before relaxing)
 .debug_str     0x000009ae       0x1c ../SoccerGame_bsp/\libhal_bsp.a(alt_exit.o)

.debug_loc      0x00000000      0xb18
 *(.debug_loc)
 .debug_loc     0x00000000       0x81 obj/default/Soccer.o
 .debug_loc     0x00000081       0x56 ../SoccerGame_bsp/\libhal_bsp.a(alt_load.o)
 .debug_loc     0x000000d7       0x2b ../SoccerGame_bsp/\libhal_bsp.a(alt_main.o)
 .debug_loc     0x00000102       0x2b ../SoccerGame_bsp/\libhal_bsp.a(alt_usleep.o)
 .debug_loc     0x0000012d       0x81 ../SoccerGame_bsp/\libhal_bsp.a(alt_sys_init.o)
 .debug_loc     0x000001ae       0x56 ../SoccerGame_bsp/\libhal_bsp.a(altera_avalon_jtag_uart_fd.o)
 .debug_loc     0x00000204       0x2b ../SoccerGame_bsp/\libhal_bsp.a(altera_avalon_jtag_uart_read.o)
 .debug_loc     0x0000022f       0x2b ../SoccerGame_bsp/\libhal_bsp.a(altera_avalon_jtag_uart_write.o)
 .debug_loc     0x0000025a      0x206 ../SoccerGame_bsp/\libhal_bsp.a(altera_up_avalon_video_pixel_buffer_dma.o)
 .debug_loc     0x00000460       0x2b ../SoccerGame_bsp/\libhal_bsp.a(alt_busy_sleep.o)
 .debug_loc     0x0000048b       0x56 ../SoccerGame_bsp/\libhal_bsp.a(alt_close.o)
 .debug_loc     0x000004e1       0x2b ../SoccerGame_bsp/\libhal_bsp.a(alt_dcache_flush_all.o)
 .debug_loc     0x0000050c       0x2b ../SoccerGame_bsp/\libhal_bsp.a(alt_dev.o)
 .debug_loc     0x00000537       0x56 ../SoccerGame_bsp/\libhal_bsp.a(alt_dev_llist_insert.o)
 .debug_loc     0x0000058d       0x2b ../SoccerGame_bsp/\libhal_bsp.a(alt_find_dev.o)
 .debug_loc     0x000005b8       0x2b ../SoccerGame_bsp/\libhal_bsp.a(alt_icache_flush_all.o)
 .debug_loc     0x000005e3       0x2b ../SoccerGame_bsp/\libhal_bsp.a(alt_release_fd.o)
 .debug_loc     0x0000060e       0x2b ../SoccerGame_bsp/\libhal_bsp.a(altera_nios2_qsys_irq.o)
 .debug_loc     0x00000639       0x2b ../SoccerGame_bsp/\libhal_bsp.a(alt_icache_flush.o)
 .debug_loc     0x00000664       0x3d c:/altera/13.0sp1/nios2eds/bin/gnu/h-i686-mingw32/bin/../lib/gcc/nios2-elf/4.1.2/../../../../nios2-elf/lib\libsmallc.a(lib_a-exit.o)
 .debug_loc     0x000006a1       0x70 c:/altera/13.0sp1/nios2eds/bin/gnu/h-i686-mingw32/bin/../lib/gcc/nios2-elf/4.1.2/../../../../nios2-elf/lib\libsmallc.a(lib_a-memcmp.o)
 .debug_loc     0x00000711       0x1e c:/altera/13.0sp1/nios2eds/bin/gnu/h-i686-mingw32/bin/../lib/gcc/nios2-elf/4.1.2/../../../../nios2-elf/lib\libsmallc.a(lib_a-strlen.o)
 .debug_loc     0x0000072f      0x1c1 c:/altera/13.0sp1/nios2eds/bin/gnu/h-i686-mingw32/bin/../lib/gcc/nios2-elf/4.1.2/../../../../nios2-elf/lib\libsmallc.a(lib_a-__call_atexit.o)
 .debug_loc     0x000008f0      0x1d2 c:/altera/13.0sp1/nios2eds/bin/gnu/h-i686-mingw32/bin/../lib/gcc/nios2-elf/4.1.2\libgcc.a(lib2-divmod.o)
 .debug_loc     0x00000ac2       0x56 ../SoccerGame_bsp/\libhal_bsp.a(alt_exit.o)

.debug_macinfo
 *(.debug_macinfo)

.debug_weaknames
 *(.debug_weaknames)

.debug_funcnames
 *(.debug_funcnames)

.debug_typenames
 *(.debug_typenames)

.debug_varnames
 *(.debug_varnames)

.debug_alt_sim_info
                0x00000000       0x50
 *(.debug_alt_sim_info)
 .debug_alt_sim_info
                0x00000000       0x20 ../SoccerGame_bsp//obj/HAL/src/crt0.o
 .debug_alt_sim_info
                0x00000020       0x30 ../SoccerGame_bsp/\libhal_bsp.a(alt_busy_sleep.o)
                0x0008be80                __alt_data_end = 0x8be80
                0x0008be80                PROVIDE (__alt_stack_pointer, __alt_data_end)
                0x0008bcbc                PROVIDE (__alt_stack_limit, __alt_stack_base)
                0x0008bcbc                PROVIDE (__alt_heap_start, end)
                0x0008be80                PROVIDE (__alt_heap_limit, 0x8be80)
OUTPUT(SoccerGame.elf elf32-littlenios2)

.debug_ranges   0x00000000       0x38
 .debug_ranges  0x00000000       0x20 ../SoccerGame_bsp//obj/HAL/src/crt0.o
 .debug_ranges  0x00000020       0x18 c:/altera/13.0sp1/nios2eds/bin/gnu/h-i686-mingw32/bin/../lib/gcc/nios2-elf/4.1.2/../../../../nios2-elf/lib\libsmallc.a(lib_a-__call_atexit.o)
